
> yorktown-continuum-city@11.3.0 test
> node --test tests/*.test.mjs

TAP version 13
# Subtest: inverse mass gives most contact displacement to the lighter body
ok 1 - inverse mass gives most contact displacement to the lighter body
  ---
  duration_ms: 21.221375
  ...
# Subtest: head-on walking cannot penetrate the mechanical hound and slowly slides around it
ok 2 - head-on walking cannot penetrate the mechanical hound and slowly slides around it
  ---
  duration_ms: 33.497041
  ...
# Subtest: oblique impact preserves faster tangent motion than head-on impact
ok 3 - oblique impact preserves faster tangent motion than head-on impact
  ---
  duration_ms: 11.105542
  ...
# Subtest: substeps prevent a fast rider tunnelling through a hound during a slow frame
ok 4 - substeps prevent a fast rider tunnelling through a hound during a slow frame
  ---
  duration_ms: 11.884166
  ...
# Subtest: a chassis pinned against a building pushes the walker out, never into that building
ok 5 - a chassis pinned against a building pushes the walker out, never into that building
  ---
  duration_ms: 16.465625
  ...
# Subtest: different gravity decks do not collide; airborne feet clear a lower chassis
ok 6 - different gravity decks do not collide; airborne feet clear a lower chassis
  ---
  duration_ms: 0.135834
  ...
# Subtest: landing separates the character from a chassis in the same update
ok 7 - landing separates the character from a chassis in the same update
  ---
  duration_ms: 12.599667
  ...
# Subtest: a rider and shared vehicles obey contacts, while dismount never places a person inside any chassis
ok 8 - a rider and shared vehicles obey contacts, while dismount never places a person inside any chassis
  ---
  duration_ms: 62.124333
  ...
# Subtest: an inhabited fleet can be separated without changing city simulation data or clipping into buildings
ok 9 - an inhabited fleet can be separated without changing city simulation data or clipping into buildings
  ---
  duration_ms: 349.956042
  ...
# Subtest: all nine authored branches remain inside every fused foundation and camera height bound
ok 10 - all nine authored branches remain inside every fused foundation and camera height bound
  ---
  duration_ms: 197.499625
  ...
# Subtest: fine silhouettes have bounded geometry and distant models keep less than a tenth of fine triangles
ok 11 - fine silhouettes have bounded geometry and distant models keep less than a tenth of fine triangles
  ---
  duration_ms: 1.57025
  ...
# Subtest: forest high tiers have one central ground trunk with crowns well above street level
ok 12 - forest high tiers have one central ground trunk with crowns well above street level
  ---
  duration_ms: 0.147416
  ...
# Subtest: shipyard work varies by site and advances only at an eight-month work boundary
ok 13 - shipyard work varies by site and advances only at an eight-month work boundary
  ---
  duration_ms: 0.520667
  ...
# Subtest: passive timber homes save power progressively without bypassing branch availability
ok 14 - passive timber homes save power progressively without bypassing branch availability
  ---
  duration_ms: 0.130375
  ...
# Subtest: organic trunk normals face outward so crowns have solid supports in WebGL
ok 15 - organic trunk normals face outward so crowns have solid supports in WebGL
  ---
  duration_ms: 0.118542
  ...
# Subtest: all three completed shipyard objects have distinct geometry and remain within budget
ok 16 - all three completed shipyard objects have distinct geometry and remain within budget
  ---
  duration_ms: 0.401334
  ...
# Subtest: market canopy upper surface faces the sky rather than disappearing from above
ok 17 - market canopy upper surface faces the sky rather than disappearing from above
  ---
  duration_ms: 0.129042
  ...
# Subtest: high-tier near models expose inhabited trunks and industrial hardware while far geometry omits them
ok 18 - high-tier near models expose inhabited trunks and industrial hardware while far geometry omits them
  ---
  duration_ms: 0.414667
  ...
# Subtest: each zone can select all three branches from different neighbourhood conditions
ok 19 - each zone can select all three branches from different neighbourhood conditions
  ---
  duration_ms: 202.936042
  ...
# Subtest: initial branch selection needs eighteen continuous months; a manual investment cannot bypass it
ok 20 - initial branch selection needs eighteen continuous months; a manual investment cannot bypass it
  ---
  duration_ms: 131.809125
  ...
# Subtest: tier 6->7 takes 42 stable months and tier 7->8 takes 72; disruption restarts growth
ok 21 - tier 6->7 takes 42 stable months and tier 7->8 takes 72; disruption restarts growth
  ---
  duration_ms: 1300.267416
  ...
# Subtest: a new better branch never swaps at the same high level and must redevelop from common tier 4
ok 22 - a new better branch never swaps at the same high level and must redevelop from common tier 4
  ---
  duration_ms: 283.310167
  ...
# Subtest: sustained service failure retreats first, preserves residents, and only later can leave an empty vacant base
ok 23 - sustained service failure retreats first, preserves residents, and only later can leave an empty vacant base
  ---
  duration_ms: 289.230959
  ...
# Subtest: fusion carries the slowest stage/progress, preserves population and refuses incompatible branch identities
ok 24 - fusion carries the slowest stage/progress, preserves population and refuses incompatible branch identities
  ---
  duration_ms: 201.512375
  ...
# Subtest: common-stage fusion cannot borrow a mature neighbour and retains existing residents above the lower base capacity
ok 25 - common-stage fusion cannot borrow a mature neighbour and retains existing residents above the lower base capacity
  ---
  duration_ms: 53.542875
  ...
# Subtest: both save formats retain every branch timer and reject invalid lineage; v7 migration keeps stages and people
ok 26 - both save formats retain every branch timer and reject invalid lineage; v7 migration keeps stages and people
  ---
  duration_ms: 426.211041
  ...
# Subtest: branch effects alter actual utility loads, pollution, commerce and local production and incur maintenance
ok 27 - branch effects alter actual utility loads, pollution, commerce and local production and incur maintenance
  ---
  duration_ms: 359.480917
  ...
# Subtest: every branch has four distinct massings for all foundations and both LODs, with finite bounded geometry
ok 28 - every branch has four distinct massings for all foundations and both LODs, with finite bounded geometry
  ---
  duration_ms: 76.833458
  ...
# Subtest: architectural shapes are normalized finite true arches, rings, domes and sails; palettes remain stable and diverse
ok 29 - architectural shapes are normalized finite true arches, rings, domes and sails; palettes remain stable and diverse
  ---
  duration_ms: 29.332167
  ...
# Subtest: the branch city remains serializable and financially playable through five years of real simulation
ok 30 - the branch city remains serializable and financially playable through five years of real simulation
  ---
  duration_ms: 5669.089542
  ...
# Subtest: camera floor uses signed curved-deck height, including folded gravity and the complete arm
ok 31 - camera floor uses signed curved-deck height, including folded gravity and the complete arm
  ---
  duration_ms: 0.569
  ...
# Subtest: all third-person yaw, pitch and zoom combinations keep the camera and focus ray above both decks
ok 32 - all third-person yaw, pitch and zoom combinations keep the camera and focus ray above both decks
  ---
  duration_ms: 34.785292
  ...
# Subtest: safe cameras retain their exact position, while smoothed old positions below a new floor are retracted
ok 33 - safe cameras retain their exact position, while smoothed old positions below a new floor are retracted
  ---
  duration_ms: 0.384875
  ...
# Subtest: room and staircase cameras never go below the current floor, including a smoothed previous-floor position
ok 34 - room and staircase cameras never go below the current floor, including a smoothed previous-floor position
  ---
  duration_ms: 0.110375
  ...
# Subtest: upward looking retains a usable follow distance and frees the orbit again while airborne
ok 35 - upward looking retains a usable follow distance and frees the orbit again while airborne
  ---
  duration_ms: 0.137084
  ...
# Subtest: new district has operating architecture, real populations and positive initial finance
ok 36 - new district has operating architecture, real populations and positive initial finance
  ---
  duration_ms: 367.280583
  ...
# Subtest: line initial drag, reverse drag and extension use consistent real dimensions
ok 37 - line initial drag, reverse drag and extension use consistent real dimensions
  ---
  duration_ms: 67.522458
  ...
# Subtest: line protects occupied ground, unlocks and the maximum length without losing funds
ok 38 - line protects occupied ground, unlocks and the maximum length without losing funds
  ---
  duration_ms: 47.882875
  ...
# Subtest: line demolition removes its whole foundation, undo and both save formats restore it
ok 39 - line demolition removes its whole foundation, undo and both save formats restore it
  ---
  duration_ms: 221.618042
  ...
# Subtest: the Line shortcut joins only end roads and requires operating supply and transport funding
ok 40 - the Line shortcut joins only end roads and requires operating supply and transport funding
  ---
  duration_ms: 29.593125
  ...
# Subtest: assistant preserves sources, reserves supply, and does not add oversupplied commercial zoning
ok 41 - assistant preserves sources, reserves supply, and does not add oversupplied commercial zoning
  ---
  duration_ms: 682.558541
  ...
# Subtest: all assistant roads connect to existing roads, no isolated grid remains in a new district
ok 42 - all assistant roads connect to existing roads, no isolated grid remains in a new district
  ---
  duration_ms: 503.076166
  ...
# Subtest: assistant rejects insufficient funds and changed quotes atomically
ok 43 - assistant rejects insufficient funds and changed quotes atomically
  ---
  duration_ms: 334.847917
  ...
# Subtest: assistant refuses distant unsupported industry and nonpositive city demand before spending
ok 44 - assistant refuses distant unsupported industry and nonpositive city demand before spending
  ---
  duration_ms: 398.839667
  ...
# Subtest: automatic gardens pay for staged fusion and respond gradually to supply loss
ok 45 - automatic gardens pay for staged fusion and respond gradually to supply loss
  ---
  duration_ms: 193.056375
  ...
# Subtest: a preserve flag or poor finances prevents automatic park fusion
ok 46 - a preserve flag or poor finances prevents automatic park fusion
  ---
  duration_ms: 50.766917
  ...
# Subtest: star sail quest progress is saved with its actual landmark and impossible prerequisites are rejected
ok 47 - star sail quest progress is saved with its actual landmark and impossible prerequisites are rejected
  ---
  duration_ms: 177.616792
  ...
# Subtest: camouflage is used on long side views; end, inside and overhead views expose structure
ok 48 - camouflage is used on long side views; end, inside and overhead views expose structure
  ---
  duration_ms: 0.151417
  ...
# Subtest: adopted forms remain distinct district branches with valid stages and footprints
ok 49 - adopted forms remain distinct district branches with valid stages and footprints
  ---
  duration_ms: 0.077417
  ...
# Subtest: Line floor area has real elevator openings while central train corridors retain floors
ok 50 - Line floor area has real elevator openings while central train corridors retain floors
  ---
  duration_ms: 0.156125
  ...
# Subtest: Line planters block movement and oblique walking slides without leaving the corridor
ok 51 - Line planters block movement and oblique walking slides without leaving the corridor
  ---
  duration_ms: 0.268833
  ...
# Subtest: morning-axis template supplies every constructed building and employs its residents
ok 52 - morning-axis template supplies every constructed building and employs its residents
  ---
  duration_ms: 293.679875
  ...
# Subtest: representative architecture is ordinary supported zoning, not protected display props
ok 53 - representative architecture is ordinary supported zoning, not protected display props
  ---
  duration_ms: 247.284958
  ...
# Subtest: demo stays solvent and keeps all three high-stage branches for sixty operating months
ok 54 - demo stays solvent and keeps all three high-stage branches for sixty operating months
  ---
  duration_ms: 9014.767458
  ...
# Subtest: west and east extension sites are empty and their boulevard stubs join the entire main district
ok 55 - west and east extension sites are empty and their boulevard stubs join the entire main district
  ---
  duration_ms: 319.980167
  ...
# Subtest: the central deck has connected floors; railings do not close passage junctions
ok 56 - the central deck has connected floors; railings do not close passage junctions
  ---
  duration_ms: 18.031125
  ...
# Subtest: large steps cannot tunnel through rails and oblique contact slides
ok 57 - large steps cannot tunnel through rails and oblique contact slides
  ---
  duration_ms: 15.210958
  ...
# Subtest: both human camera modes stay above the real dock floor at all pitch limits
ok 58 - both human camera modes stay above the real dock floor at all pitch limits
  ---
  duration_ms: 1.257875
  ...
# Subtest: the underslung dock has finite 3D surfaces and uses at most 16 material batches
ok 59 - the underslung dock has finite 3D surfaces and uses at most 16 material batches
  ---
  duration_ms: 44.406666
  ...
# Subtest: leaving a dock visit does not dispose the shared city scene
ok 60 - leaving a dock visit does not dispose the shared city scene
  ---
  duration_ms: 0.195875
  ...
# Subtest: paused idle dock stops rendering; guided walking resumes the existing frame budget
ok 61 - paused idle dock stops rendering; guided walking resumes the existing frame budget
  ---
  duration_ms: 30.529667
  ...
# Subtest: an idle dock camera does not invalidate itself into a perpetual render loop
ok 62 - an idle dock camera does not invalidate itself into a perpetual render loop
  ---
  duration_ms: 0.195584
  ...
# Subtest: finishing the guided promenade updates its button before rendering becomes idle
ok 63 - finishing the guided promenade updates its button before rendering becomes idle
  ---
  duration_ms: 0.150792
  ...
# Subtest: old save preserves RCI capacity and population through 1/2/3 -> 1/3/5 migration
ok 64 - old save preserves RCI capacity and population through 1/2/3 -> 1/3/5 migration
  ---
  duration_ms: 766.947416
  ...
# Subtest: compact and ordinary saves preserve stage 8, preservation policy, exact funds and stocks
ok 65 - compact and ordinary saves preserve stage 8, preservation policy, exact funds and stocks
  ---
  duration_ms: 262.309916
  ...
# Subtest: investment requires actual resources; denied upgrade changes nothing
ok 66 - investment requires actual resources; denied upgrade changes nothing
  ---
  duration_ms: 637.280166
  ...
# Subtest: real commercial investment debits one district, raises jobs and upkeep, never invents residents
ok 67 - real commercial investment debits one district, raises jobs and upkeep, never invents residents
  ---
  duration_ms: 231.9845
  ...
# Subtest: all three types have reachable requirements through eight tiers; automatic investment respects growth and preservation
ok 68 - all three types have reachable requirements through eight tiers; automatic investment respects growth and preservation
  ---
  duration_ms: 599.944875
  ...
# Subtest: 8-stage geometry is finite, distinct, and bounded for all zones, densities and LODs
ok 69 - 8-stage geometry is finite, distinct, and bounded for all zones, densities and LODs
  ---
  duration_ms: 22.271792
  ...
# Subtest: stopping a high-tier building retains only 15 percent of progression upkeep
ok 70 - stopping a high-tier building retains only 15 percent of progression upkeep
  ---
  duration_ms: 0.183041
  ...
# Subtest: with automatic investment disabled, free natural growth never exceeds common stage 4
ok 71 - with automatic investment disabled, free natural growth never exceeds common stage 4
  ---
  duration_ms: 1894.99975
  ...
# Subtest: real city permits each R/C/I building to reach tier 8 and pays the whole resource bill
ok 72 - real city permits each R/C/I building to reach tier 8 and pays the whole resource bill
  ---
  duration_ms: 551.315209
  ...
# Subtest: integrated flagship retains closed armor, internal backing, correct mirror winding and static batching
ok 73 - integrated flagship retains closed armor, internal backing, correct mirror winding and static batching
  ---
  duration_ms: 531.207125
  ...
# Subtest: real payments debit exactly once, spending records match, and duplicate operations cannot repeat
ok 74 - real payments debit exactly once, spending records match, and duplicate operations cannot repeat
  ---
  duration_ms: 1412.921166
  ...
# Subtest: old orbital saves migrate without granting projects, charging money, or changing old visitor/orders
ok 75 - old orbital saves migrate without granting projects, charging money, or changing old visitor/orders
  ---
  duration_ms: 196.5105
  ...
# Subtest: compact and ordinary saves retain paid projects and refuse malformed duration/cooldown/spend state
ok 76 - compact and ordinary saves retain paid projects and refuse malformed duration/cooldown/spend state
  ---
  duration_ms: 865.830209
  ...
# Subtest: unlocks, missing funds, low happiness, disabled docks and added utility loads reject atomically
ok 77 - unlocks, missing funds, low happiness, disabled docks and added utility loads reject atomically
  ---
  duration_ms: 967.02025
  ...
# Subtest: utilities and upkeep are actual forecast loads; profits need operating commercial/industrial activity
ok 78 - utilities and upkeep are actual forecast loads; profits need operating commercial/industrial activity
  ---
  duration_ms: 348.71025
  ...
# Subtest: monthly charges settle before expiry, stop at five/four months, and do not permit early reactivation
ok 79 - monthly charges settle before expiry, stop at five/four months, and do not permit early reactivation
  ---
  duration_ms: 1070.9195
  ...
# Subtest: standby and early departure preserve spent fees, remove active effects, and do not erase cooldowns
ok 80 - standby and early departure preserve spent fees, remove active effects, and do not erase cooldowns
  ---
  duration_ms: 507.828167
  ...
# Subtest: active relay exports lock bounded prices when cargo ships, remain importable and pay once
ok 81 - active relay exports lock bounded prices when cargo ships, remain importable and pay once
  ---
  duration_ms: 365.50125
  ...
# Subtest: worker month result and foreground settlement preserve identical grand-orbit state and money
ok 82 - worker month result and foreground settlement preserve identical grand-orbit state and money
  ---
  duration_ms: 664.648833
  ...
# Subtest: funded showcase pays the 515000 bill and operates independently of normal city initialization
ok 83 - funded showcase pays the 515000 bill and operates independently of normal city initialization
  ---
  duration_ms: 269.3565
  ...
# Subtest: high industrial demand recruits real reachable workers despite nearer retail, and keeps retail operating
ok 84 - high industrial demand recruits real reachable workers despite nearer retail, and keeps retail operating
  ---
  duration_ms: 152.377333
  ...
# Subtest: industrial recruitment cannot invent residents or workers, or cross disconnected roads
ok 85 - industrial recruitment cannot invent residents or workers, or cross disconnected roads
  ---
  duration_ms: 234.942458
  ...
# Subtest: missing freight still blocks industry even if residential workers and demand exist
ok 86 - missing freight still blocks industry even if residential workers and demand exist
  ---
  duration_ms: 202.543125
  ...
# Subtest: a supported factory steadily evolves while industrial demand remains high
ok 87 - a supported factory steadily evolves while industrial demand remains high
  ---
  duration_ms: 3609.021125
  ...
# Subtest: a compact industrial district no longer prices itself out or empties, without bypassing demand
ok 88 - a compact industrial district no longer prices itself out or empties, without bypassing demand
  ---
  duration_ms: 2177.404
  ...
# Subtest: nearby functioning homes and shops remain supported next to a staffed industrial block
ok 89 - nearby functioning homes and shops remain supported next to a staffed industrial block
  ---
  duration_ms: 1308.602791
  ...
# Subtest: idle factories do not emit phantom industrial pollution; production, cleaning and distance still matter
ok 90 - idle factories do not emit phantom industrial pollution; production, cleaning and distance still matter
  ---
  duration_ms: 27.906667
  ...
# Subtest: residential and retail zoning still starts without industry
ok 91 - residential and retail zoning still starts without industry
  ---
  duration_ms: 1002.95775
  ...
# Subtest: industrial taxes match the building panel and give an operating factory a positive direct margin
ok 92 - industrial taxes match the building panel and give an operating factory a positive direct margin
  ---
  duration_ms: 51.036708
  ...
# Subtest: existing saves keep exact zoning, people, cash, materials and manual development preferences
ok 93 - existing saves keep exact zoning, people, cash, materials and manual development preferences
  ---
  duration_ms: 140.214916
  ...
# Subtest: an old vacant factory recovers after six supplied months rather than requiring demolition
ok 94 - an old vacant factory recovers after six supplied months rather than requiring demolition
  ---
  duration_ms: 378.683583
  ...
# Subtest: citywide excess supply stops growth without abandoning healthy occupied commercial or industrial buildings
ok 95 - citywide excess supply stops growth without abandoning healthy occupied commercial or industrial buildings
  ---
  duration_ms: 182.292541
  ...
# Subtest: persistently unoccupied excess retail still becomes vacant after the normal grace period
ok 96 - persistently unoccupied excess retail still becomes vacant after the normal grace period
  ---
  duration_ms: 26.788042
  ...
# Subtest: both sides of a road grow through continuous zoning to distance three, never four or across vacant lots
ok 97 - both sides of a road grow through continuous zoning to distance three, never four or across vacant lots
  ---
  duration_ms: 43.483833
  ...
# Subtest: 2/3/4 square foundations fuse, preserve residents, and support continued eight-stage evolution
ok 98 - 2/3/4 square foundations fuse, preserve residents, and support continued eight-stage evolution
  ---
  duration_ms: 132.809625
  ...
# Subtest: fusion refuses partial old plots, mismatched equipment and explicit plant renewal policies
ok 99 - fusion refuses partial old plots, mismatched equipment and explicit plant renewal policies
  ---
  duration_ms: 27.187917
  ...
# Subtest: automatic fusion chooses fitting 2/3/4 foundations and leaves reserved buildings untouched
ok 100 - automatic fusion chooses fitting 2/3/4 foundations and leaves reserved buildings untouched
  ---
  duration_ms: 184.183584
  ...
# Subtest: fused utility capacity and upkeep grow nonlinearly without losing the underlying network
ok 101 - fused utility capacity and upkeep grow nonlinearly without losing the underlying network
  ---
  duration_ms: 409.152917
  ...
# Subtest: facility automatic upgrades stop for low cash or demand and proceed with a funded mature city
ok 102 - facility automatic upgrades stop for low cash or demand and proceed with a funded mature city
  ---
  duration_ms: 122.032292
  ...
# Subtest: paid automatic high-stage investment debits actual district stock and preserves the operating reserve
ok 103 - paid automatic high-stage investment debits actual district stock and preserves the operating reserve
  ---
  duration_ms: 1128.050708
  ...
# Subtest: whole-plot demolition and undo are atomic; equipment never exceeds two upgrades
ok 104 - whole-plot demolition and undo are atomic; equipment never exceeds two upgrades
  ---
  duration_ms: 57.048041
  ...
# Subtest: landmarks occupy the previewed foundation, charge once, simulate once and cannot duplicate through damage
ok 105 - landmarks occupy the previewed foundation, charge once, simulate once and cannot duplicate through damage
  ---
  duration_ms: 189.638208
  ...
# Subtest: power campus renews together without resetting its evolution; disabled renewal produces real ruins
ok 106 - power campus renews together without resetting its evolution; disabled renewal produces real ruins
  ---
  duration_ms: 447.820333
  ...
# Subtest: fused plots survive both saves; malformed partial foundations fail visibly
ok 107 - fused plots survive both saves; malformed partial foundations fail visibly
  ---
  duration_ms: 409.62775
  ...
# Subtest: mature large districts form civic functions automatically, once per campus or economic unit
ok 108 - mature large districts form civic functions automatically, once per campus or economic unit
  ---
  duration_ms: 175.904875
  ...
# Subtest: continuous arrow yaw crosses many complete turns in either direction; pitch alone is bounded
ok 109 - continuous arrow yaw crosses many complete turns in either direction; pitch alone is bounded
  ---
  duration_ms: 0.857792
  ...
# Subtest: all three interior rooms are reachable and both staircases support actual ascent and descent
ok 110 - all three interior rooms are reachable and both staircases support actual ascent and descent
  ---
  duration_ms: 9.782709
  ...
# Subtest: fused RCI campuses and evolved utility campuses render finite distinct forms within their foundations
ok 111 - fused RCI campuses and evolved utility campuses render finite distinct forms within their foundations
  ---
  duration_ms: 127.75225
  ...
# Subtest: the new playable city keeps residents, pays expenses and round-trips after a year of evolution
ok 112 - the new playable city keeps residents, pays expenses and round-trips after a year of evolution
  ---
  duration_ms: 1358.855958
  ...
# Subtest: music waits for interaction, fades gently and suspends hidden-page playback without restarting the track
ok 113 - music waits for interaction, fades gently and suspends hidden-page playback without restarting the track
  ---
  duration_ms: 3.885958
  ...
# Subtest: an explicitly muted preference survives reload and the single control enables or disables playback
ok 114 - an explicitly muted preference survives reload and the single control enables or disables playback
  ---
  duration_ms: 1.202167
  ...
# Subtest: a browser playback rejection offers one retry control and does not break the city
ok 115 - a browser playback rejection offers one retry control and does not break the city
  ---
  duration_ms: 1.695167
  ...
# Subtest: a delayed playback response cannot unmute a paused page or stop a newer successful start
ok 116 - a delayed playback response cannot unmute a paused page or stop a newer successful start
  ---
  duration_ms: 0.903584
  ...
# Subtest: paused static city draws once then stops; hidden and disabled views schedule no frames
ok 117 - paused static city draws once then stops; hidden and disabled views schedule no frames
  ---
  duration_ms: 0.632
  ...
# Subtest: 120 Hz input cannot exceed the movement frame budget
ok 118 - 120 Hz input cannot exceed the movement frame budget
  ---
  duration_ms: 0.208167
  ...
# Subtest: settled Retina views exceed the old 1.7 ratio at laptop and 4K CSS sizes while motion remains bounded
ok 119 - settled Retina views exceed the old 1.7 ratio at laptop and 4K CSS sizes while motion remains bounded
  ---
  duration_ms: 0.129583
  ...
# Subtest: camera settles to a sharp final frame, without a permanent redraw timer
ok 120 - camera settles to a sharp final frame, without a permanent redraw timer
  ---
  duration_ms: 0.346709
  ...
# Subtest: quality timers do not redraw a hidden or disabled view
ok 121 - quality timers do not redraw a hidden or disabled view
  ---
  duration_ms: 0.131833
  ...
# Subtest: legacy 12x speeds are capped; yearly time stays meaningful at the new maximum
ok 122 - legacy 12x speeds are capped; yearly time stays meaningful at the new maximum
  ---
  duration_ms: 0.087375
  ...
# Subtest: visible large buildings get detail regardless of ground distance, and offscreen buildings do not consume it
ok 123 - visible large buildings get detail regardless of ground distance, and offscreen buildings do not consume it
  ---
  duration_ms: 0.160291
  ...
# Subtest: large city detail count is bounded and every distant building keeps a visible model
ok 124 - large city detail count is bounded and every distant building keeps a visible model
  ---
  duration_ms: 4.7095
  ...
# Subtest: background months produce the same state and indicators as direct simulation
ok 125 - background months produce the same state and indicators as direct simulation
  ---
  duration_ms: 2416.754625
  ...
# Subtest: background patches include a cell cleared during a month and preserve removed objects after resync
ok 126 - background patches include a cell cleared during a month and preserve removed objects after resync
  ---
  duration_ms: 395.53025
  ...
# Subtest: worker runner allows only one month, caches snapshots, and resyncs after edits
ok 127 - worker runner allows only one month, caches snapshots, and resyncs after edits
  ---
  duration_ms: 0.605667
  ...
# Subtest: worker errors stop calculation and reject the pending month
ok 128 - worker errors stop calculation and reject the pending month
  ---
  duration_ms: 0.104959
  ...
# Subtest: display meshes are reused for population changes and only the affected chunk is rebuilt
ok 129 - display meshes are reused for population changes and only the affected chunk is rebuilt
  ---
  duration_ms: 240.842875
  ...
# Subtest: dense detailed prototypes stay within triangle budgets and prioritize the closest visible plots
ok 130 - dense detailed prototypes stay within triangle budgets and prioritize the closest visible plots
  ---
  duration_ms: 4.001333
  ...
# Subtest: puzzle rewards require correct order and alignment, cannot bypass prerequisites
ok 131 - puzzle rewards require correct order and alignment, cannot bypass prerequisites
  ---
  duration_ms: 0.741291
  ...
# Subtest: the floor-aware walking guide reaches the archive, workshop and star room through actual stairs
ok 132 - the floor-aware walking guide reaches the archive, workshop and star room through actual stairs
  ---
  duration_ms: 55.980958
  ...
# Subtest: walls and bookshelves block movement, oblique input still slides along the wall
ok 133 - walls and bookshelves block movement, oblique input still slides along the wall
  ---
  duration_ms: 0.425041
  ...
# Subtest: the final gap requires a real jump and falls return to a safe place
ok 134 - the final gap requires a real jump and falls return to a safe place
  ---
  duration_ms: 0.403125
  ...
# Subtest: the on-screen jump assist crosses the gap and stops within vault interaction range at multiple frame rates
ok 135 - the on-screen jump assist crosses the gap and stops within vault interaction range at multiple frame rates
  ---
  duration_ms: 1.261208
  ...
# Subtest: static batching preserves all transformed triangles, bounds, normals and UVs
ok 136 - static batching preserves all transformed triangles, bounds, normals and UVs
  ---
  duration_ms: 5.740292
  ...
# Subtest: moving mechanisms and individually coloured instances are kept live
ok 137 - moving mechanisms and individually coloured instances are kept live
  ---
  duration_ms: 0.629208
  ...
# Subtest: all fused district branches bypass old showcase replacements
ok 138 - all fused district branches bypass old showcase replacements
  ---
  duration_ms: 40.319
  ...
# Subtest: real sail and shell landmarks retain their complete geometry with fewer static submissions
ok 139 - real sail and shell landmarks retain their complete geometry with fewer static submissions
  ---
  duration_ms: 569.860625
  ...
# Subtest: surrogate choices are optional and have genuinely different abilities
ok 140 - surrogate choices are optional and have genuinely different abilities
  ---
  duration_ms: 0.54675
  ...
# Subtest: courier jumps nearly three cells while running, then lands and can jump again
ok 141 - courier jumps nearly three cells while running, then lands and can jump again
  ---
  duration_ms: 31.277959
  ...
# Subtest: pilot flight has a height limit, depletes, lands even with Space held, and recovers on the ground
ok 142 - pilot flight has a height limit, depletes, lands even with Space held, and recovers on the ground
  ---
  duration_ms: 29.109625
  ...
# Subtest: walk, jump, flight and riding never tunnel through buildings or off the deck
ok 143 - walk, jump, flight and riding never tunnel through buildings or off the deck
  ---
  duration_ms: 19.177
  ...
# Subtest: mounting changes speed, footprint and animation position, and a safe dismount is on open terrain
ok 144 - mounting changes speed, footprint and animation position, and a safe dismount is on open terrain
  ---
  duration_ms: 37.614208
  ...
# Subtest: vehicle upgrades require current population, wellbeing and completed orders
ok 145 - vehicle upgrades require current population, wellbeing and completed orders
  ---
  duration_ms: 24.701834
  ...
# Subtest: nearby interaction respects deck, distance, disabled objects and altitude
ok 146 - nearby interaction respects deck, distance, disabled objects and altitude
  ---
  duration_ms: 0.147584
  ...
# Subtest: visible traffic is generated from operating streets and real commute routes, without creating residents or tax income
ok 147 - visible traffic is generated from operating streets and real commute routes, without creating residents or tax income
  ---
  duration_ms: 467.75125
  ...
# Subtest: route traffic moves along road geometry and reverses its heading rather than teleporting at the endpoints
ok 148 - route traffic moves along road geometry and reverses its heading rather than teleporting at the endpoints
  ---
  duration_ms: 0.387583
  ...
# Subtest: citizens give measured city and local road information, and change when the city changes
ok 149 - citizens give measured city and local road information, and change when the city changes
  ---
  duration_ms: 157.412958
  ...
# Subtest: articulated character meshes face travel direction on both gravity frames and stay finite
ok 150 - articulated character meshes face travel direction on both gravity frames and stay finite
  ---
  duration_ms: 20.15525
  ...
# Subtest: scooter and mechanical hound have three distinct, renderable tiers and movable wheels or legs
ok 151 - scooter and mechanical hound have three distinct, renderable tiers and movable wheels or legs
  ---
  duration_ms: 3.702792
  ...
# Subtest: stations have boarding capacity and do not break the connected bus catchment
ok 152 - stations have boarding capacity and do not break the connected bus catchment
  ---
  duration_ms: 184.589833
  ...
# Subtest: first maglev station is allowed, retains its road, and gives a non-blocking connection notice
ok 153 - first maglev station is allowed, retains its road, and gives a non-blocking connection notice
  ---
  duration_ms: 32.657958
  ...
# Subtest: second station automatically creates an elevated link, charges its path and never replaces intervening roads
ok 154 - second station automatically creates an elevated link, charges its path and never replaces intervening roads
  ---
  duration_ms: 81.676833
  ...
# Subtest: automatic space links bridge disconnected surfaces; an out-of-range site warns without blocking construction
ok 155 - automatic space links bridge disconnected surfaces; an out-of-range site warns without blocking construction
  ---
  duration_ms: 20.477875
  ...
# Subtest: funded, supplied maglev carries actual commuters and removes their intermediate-road load
ok 156 - funded, supplied maglev carries actual commuters and removes their intermediate-road load
  ---
  duration_ms: 453.610875
  ...
# Subtest: manual track removal persists, leaves stations and roads, can be undone or explicitly restored
ok 157 - manual track removal persists, leaves stations and roads, can be undone or explicitly restored
  ---
  duration_ms: 465.9225
  ...
# Subtest: station demolition removes its lines atomically and undo restores the complete network
ok 158 - station demolition removes its lines atomically and undo restores the complete network
  ---
  duration_ms: 209.774083
  ...
# Subtest: malformed magnetic tracks are rejected and obsolete passenger ports or hand rails cannot be newly built
ok 159 - malformed magnetic tracks are rejected and obsolete passenger ports or hand rails cannot be newly built
  ---
  duration_ms: 500.277459
  ...
1..159
# tests 159
# suites 0
# pass 159
# fail 0
# cancelled 0
# skipped 0
# todo 0
# duration_ms 9951.520791
